---
http_interactions:
- request:
    method: get
    uri: https://cdo-v3-sources.s3.amazonaws.com/?encoding-type=url&prefix=sources_test/1/1/test.js&versions
    body:
      encoding: ASCII-8BIT
      string: ''
    headers:
      Content-Length:
      - '0'
  response:
    status:
      code: 200
      message: OK
    headers:
      Date:
      - Fri, 16 Mar 2018 23:28:47 GMT
      Content-Type:
      - application/xml
      Transfer-Encoding:
      - chunked
      Server:
      - AmazonS3
    body:
      encoding: UTF-8
      string: |-
        <?xml version="1.0" encoding="UTF-8"?>
        <ListVersionsResult xmlns="http://s3.amazonaws.com/doc/2006-03-01/"><Name>cdo-v3-sources</Name><Prefix>sources_test/1/1/test.js</Prefix><KeyMarker></KeyMarker><VersionIdMarker></VersionIdMarker><MaxKeys>1000</MaxKeys><EncodingType>url</EncodingType><IsTruncated>false</IsTruncated></ListVersionsResult>
    http_version: 
  recorded_at: Fri, 16 Mar 2018 23:28:46 GMT
- request:
    method: get
    uri: https://cdo-v3-sources.s3.amazonaws.com/?encoding-type=url&prefix=sources_test/1/1/
    body:
      encoding: ASCII-8BIT
      string: ''
    headers:
      Content-Length:
      - '0'
  response:
    status:
      code: 200
      message: OK
    headers:
      Date:
      - Fri, 16 Mar 2018 23:28:48 GMT
      X-Amz-Bucket-Region:
      - us-east-1
      Content-Type:
      - application/xml
      Transfer-Encoding:
      - chunked
      Server:
      - AmazonS3
    body:
      encoding: UTF-8
      string: |-
        <?xml version="1.0" encoding="UTF-8"?>
        <ListBucketResult xmlns="http://s3.amazonaws.com/doc/2006-03-01/"><Name>cdo-v3-sources</Name><Prefix>sources_test/1/1/</Prefix><Marker></Marker><MaxKeys>1000</MaxKeys><EncodingType>url</EncodingType><IsTruncated>false</IsTruncated></ListBucketResult>
    http_version: 
  recorded_at: Fri, 16 Mar 2018 23:28:47 GMT
- request:
    method: put
    uri: https://cdo-v3-sources.s3.amazonaws.com/sources_test/1/1/test.js
    body:
      encoding: ASCII-8BIT
      string: abc 123
    headers:
      X-Amz-Meta-Abuse-Score:
      - '0'
      Expect:
      - 100-continue
      Content-Md5:
      - yJz9td2fVoNvWfumwGLdpA==
      Content-Length:
      - '7'
  response:
    status:
      code: 200
      message: OK
    headers:
      Date:
      - Fri, 16 Mar 2018 23:28:48 GMT
      X-Amz-Version-Id:
      - u6b7SXu2PYf8eMrxj7qjdOvJDCVM1Mk5
      Etag:
      - '"c89cfdb5dd9f56836f59fba6c062dda4"'
      Content-Length:
      - '0'
      Server:
      - AmazonS3
    body:
      encoding: UTF-8
      string: ''
    http_version: 
  recorded_at: Fri, 16 Mar 2018 23:28:47 GMT
- request:
    method: get
    uri: https://cdo-v3-sources.s3.amazonaws.com/sources_test/1/1/test.js?versionId=malformed-version-id
    body:
      encoding: ASCII-8BIT
      string: ''
    headers:
      Content-Length:
      - '0'
  response:
    status:
      code: 400
      message: Bad Request
    headers:
      Content-Type:
      - application/xml
      Transfer-Encoding:
      - chunked
      Date:
      - Fri, 16 Mar 2018 23:28:46 GMT
      Connection:
      - close
      Server:
      - AmazonS3
    body:
      encoding: UTF-8
      string: |-
        <?xml version="1.0" encoding="UTF-8"?>
        <Error><Code>InvalidArgument</Code><Message>Invalid version id specified</Message><ArgumentName>versionId</ArgumentName><ArgumentValue>malformed-version-id</ArgumentValue><RequestId>93C5064941D395F4</RequestId><HostId>5tSOpQlvHjU50p62mZHXlWZ87stHfOy72ITnixeFcLpKk3BfFHyIEXPYVovjFAS6BPsuAfdTaGI=</HostId></Error>
    http_version: 
  recorded_at: Fri, 16 Mar 2018 23:28:47 GMT
- request:
    method: get
    uri: https://cdo-v3-sources.s3.amazonaws.com/?encoding-type=url&prefix=sources_test/1/1/test.js&versions
    body:
      encoding: ASCII-8BIT
      string: ''
    headers:
      Content-Length:
      - '0'
  response:
    status:
      code: 200
      message: OK
    headers:
      Date:
      - Fri, 16 Mar 2018 23:28:49 GMT
      Content-Type:
      - application/xml
      Transfer-Encoding:
      - chunked
      Server:
      - AmazonS3
    body:
      encoding: UTF-8
      string: |-
        <?xml version="1.0" encoding="UTF-8"?>
        <ListVersionsResult xmlns="http://s3.amazonaws.com/doc/2006-03-01/"><Name>cdo-v3-sources</Name><Prefix>sources_test/1/1/test.js</Prefix><KeyMarker></KeyMarker><VersionIdMarker></VersionIdMarker><MaxKeys>1000</MaxKeys><EncodingType>url</EncodingType><IsTruncated>false</IsTruncated><Version><Key>sources_test/1/1/test.js</Key><VersionId>u6b7SXu2PYf8eMrxj7qjdOvJDCVM1Mk5</VersionId><IsLatest>true</IsLatest><LastModified>2018-03-16T23:28:48.000Z</LastModified><ETag>&quot;c89cfdb5dd9f56836f59fba6c062dda4&quot;</ETag><Size>7</Size><Owner><ID>cf6bd5437eaccbf2d79d5d40694e94c727ef59eb29caa52acbc32daffeb8e9e4</ID><DisplayName>site</DisplayName></Owner><StorageClass>STANDARD</StorageClass></Version></ListVersionsResult>
    http_version: 
  recorded_at: Fri, 16 Mar 2018 23:28:48 GMT
- request:
    method: post
    uri: https://cdo-v3-sources.s3.amazonaws.com/?delete
    body:
      encoding: UTF-8
      string: |
        <Delete xmlns="http://s3.amazonaws.com/doc/2006-03-01/">
          <Object>
            <Key>sources_test/1/1/test.js</Key>
            <VersionId>u6b7SXu2PYf8eMrxj7qjdOvJDCVM1Mk5</VersionId>
          </Object>
          <Quiet>true</Quiet>
        </Delete>
    headers:
      Expect:
      - 100-continue
      Content-Md5:
      - 2kC3UPwExIc04YDe8B4YYw==
      Content-Length:
      - '212'
  response:
    status:
      code: 200
      message: OK
    headers:
      Date:
      - Fri, 16 Mar 2018 23:28:49 GMT
      Connection:
      - close
      Content-Type:
      - application/xml
      Transfer-Encoding:
      - chunked
      Server:
      - AmazonS3
    body:
      encoding: UTF-8
      string: |-
        <?xml version="1.0" encoding="UTF-8"?>
        <DeleteResult xmlns="http://s3.amazonaws.com/doc/2006-03-01/"></DeleteResult>
    http_version: 
  recorded_at: Fri, 16 Mar 2018 23:28:48 GMT
- request:
    method: get
    uri: https://cdo-v3-sources.s3.amazonaws.com/?encoding-type=url&prefix=sources_test/1/1/
    body:
      encoding: ASCII-8BIT
      string: ''
    headers:
      Content-Length:
      - '0'
  response:
    status:
      code: 200
      message: OK
    headers:
      Date:
      - Fri, 16 Mar 2018 23:28:50 GMT
      X-Amz-Bucket-Region:
      - us-east-1
      Content-Type:
      - application/xml
      Transfer-Encoding:
      - chunked
      Server:
      - AmazonS3
    body:
      encoding: UTF-8
      string: |-
        <?xml version="1.0" encoding="UTF-8"?>
        <ListBucketResult xmlns="http://s3.amazonaws.com/doc/2006-03-01/"><Name>cdo-v3-sources</Name><Prefix>sources_test/1/1/</Prefix><Marker></Marker><MaxKeys>1000</MaxKeys><EncodingType>url</EncodingType><IsTruncated>false</IsTruncated></ListBucketResult>
    http_version: 
  recorded_at: Fri, 16 Mar 2018 23:28:49 GMT
- request:
    method: get
    uri: https://cdo-v3-animations.s3.amazonaws.com/?encoding-type=url&prefix=animations_test/1/1/
    body:
      encoding: ASCII-8BIT
      string: ''
    headers:
      Content-Length:
      - '0'
  response:
    status:
      code: 200
      message: OK
    headers:
      Date:
      - Fri, 16 Mar 2018 23:28:50 GMT
      X-Amz-Bucket-Region:
      - us-east-1
      Content-Type:
      - application/xml
      Transfer-Encoding:
      - chunked
      Server:
      - AmazonS3
    body:
      encoding: UTF-8
      string: |-
        <?xml version="1.0" encoding="UTF-8"?>
        <ListBucketResult xmlns="http://s3.amazonaws.com/doc/2006-03-01/"><Name>cdo-v3-animations</Name><Prefix>animations_test/1/1/</Prefix><Marker></Marker><MaxKeys>1000</MaxKeys><EncodingType>url</EncodingType><IsTruncated>false</IsTruncated></ListBucketResult>
    http_version: 
  recorded_at: Fri, 16 Mar 2018 23:28:49 GMT
recorded_with: VCR 3.0.3
