---
http_interactions:
- request:
    method: get
    uri: https://cdo-v3-sources.s3.amazonaws.com/?encoding-type=url&prefix=sources_test/1/1/main.json&versions
    body:
      encoding: UTF-8
      string: ''
    headers:
      Content-Length:
      - '0'
  response:
    status:
      code: 200
      message: OK
    headers:
      Date:
      - Thu, 10 Feb 2022 00:39:50 GMT
      Content-Type:
      - application/xml
      Transfer-Encoding:
      - chunked
      Server:
      - AmazonS3
    body:
      encoding: UTF-8
      string: |-
        <?xml version="1.0" encoding="UTF-8"?>
        <ListVersionsResult xmlns="http://s3.amazonaws.com/doc/2006-03-01/"><Name>cdo-v3-sources</Name><Prefix>sources_test/1/1/main.json</Prefix><KeyMarker></KeyMarker><VersionIdMarker></VersionIdMarker><MaxKeys>1000</MaxKeys><EncodingType>url</EncodingType><IsTruncated>false</IsTruncated><Version><Key>sources_test/1/1/main.json</Key><VersionId>7Kh6CLFXaHxHN7DptKZQiZhYBvwPC_C4</VersionId><IsLatest>true</IsLatest><LastModified>2022-01-27T23:34:57.000Z</LastModified><ETag>&quot;2597c6cc28da563090bd3262d32d8368&quot;</ETag><Size>32</Size><Owner><ID>cf6bd5437eaccbf2d79d5d40694e94c727ef59eb29caa52acbc32daffeb8e9e4</ID><DisplayName>site</DisplayName></Owner><StorageClass>STANDARD</StorageClass></Version></ListVersionsResult>
    http_version:
  recorded_at: Thu, 10 Feb 2022 00:39:49 GMT
- request:
    method: post
    uri: https://cdo-v3-sources.s3.amazonaws.com/?delete
    body:
      encoding: UTF-8
      string: <Delete xmlns="http://s3.amazonaws.com/doc/2006-03-01/"><Object><Key>sources_test/1/1/main.json</Key><VersionId>7Kh6CLFXaHxHN7DptKZQiZhYBvwPC_C4</VersionId></Object><Quiet>true</Quiet></Delete>
    headers:
      Expect:
      - 100-continue
      Content-Md5:
      - WBfseVPLOHcRfX7CyC3e0g==
      Content-Length:
      - '193'
  response:
    status:
      code: 200
      message: OK
    headers:
      Date:
      - Thu, 10 Feb 2022 00:39:51 GMT
      Content-Type:
      - application/xml
      Transfer-Encoding:
      - chunked
      Server:
      - AmazonS3
      Connection:
      - close
    body:
      encoding: UTF-8
      string: |-
        <?xml version="1.0" encoding="UTF-8"?>
        <DeleteResult xmlns="http://s3.amazonaws.com/doc/2006-03-01/"></DeleteResult>
    http_version:
  recorded_at: Thu, 10 Feb 2022 00:39:50 GMT
- request:
    method: put
    uri: https://cdo-v3-sources.s3.amazonaws.com/sources_test/1/1/main.json
    body:
      encoding: ASCII-8BIT
      string: '{"source":"abc 123"}'
    headers:
      X-Amz-Meta-Abuse-Score:
      - '0'
      Expect:
      - 100-continue
      Content-Md5:
      - cKHbqiImrOXNewsP7tCT/Q==
      Content-Length:
      - '20'
  response:
    status:
      code: 200
      message: OK
    headers:
      Date:
      - Thu, 10 Feb 2022 00:39:51 GMT
      X-Amz-Version-Id:
      - ONe0WOsT9J_9K69K8LAiTG7MW6D4V8Yc
      Etag:
      - '"70a1dbaa2226ace5cd7b0b0feed093fd"'
      Server:
      - AmazonS3
      Content-Length:
      - '0'
    body:
      encoding: UTF-8
      string: ''
    http_version:
  recorded_at: Thu, 10 Feb 2022 00:39:50 GMT
- request:
    method: put
    uri: https://cdo-v3-sources.s3.amazonaws.com/sources_test/1/1/main.json
    body:
      encoding: ASCII-8BIT
      string: '{"source":"def 456"}'
    headers:
      X-Amz-Meta-Abuse-Score:
      - '0'
      Expect:
      - 100-continue
      Content-Md5:
      - EJAGW1y0bdFgp1fmkgPrnA==
      Content-Length:
      - '20'
  response:
    status:
      code: 200
      message: OK
    headers:
      Date:
      - Thu, 10 Feb 2022 00:39:51 GMT
      X-Amz-Version-Id:
      - iJqoNhrpd5HYxT8c9HzHJUF4gZktyF5z
      Etag:
      - '"1090065b5cb46dd160a757e69203eb9c"'
      Server:
      - AmazonS3
      Content-Length:
      - '0'
    body:
      encoding: UTF-8
      string: ''
    http_version:
  recorded_at: Thu, 10 Feb 2022 00:39:50 GMT
- request:
    method: delete
    uri: https://cdo-v3-sources.s3.amazonaws.com/sources_test/1/1/main.json
    body:
      encoding: UTF-8
      string: ''
    headers:
      Content-Length:
      - '0'
  response:
    status:
      code: 204
      message: No Content
    headers:
      Date:
      - Thu, 10 Feb 2022 00:39:52 GMT
      X-Amz-Version-Id:
      - j3qesR0w9x29BMDTYELkiAvPE9Rr7YVK
      X-Amz-Delete-Marker:
      - 'true'
      Server:
      - AmazonS3
    body:
      encoding: UTF-8
      string: ''
    http_version:
  recorded_at: Thu, 10 Feb 2022 00:39:51 GMT
- request:
    method: get
    uri: https://cdo-v3-sources.s3.amazonaws.com/?encoding-type=url&prefix=sources_test/1/1/main.json&versions
    body:
      encoding: UTF-8
      string: ''
    headers:
      Content-Length:
      - '0'
  response:
    status:
      code: 200
      message: OK
    headers:
      Date:
      - Thu, 10 Feb 2022 00:39:52 GMT
      Content-Type:
      - application/xml
      Transfer-Encoding:
      - chunked
      Server:
      - AmazonS3
    body:
      encoding: UTF-8
      string: |-
        <?xml version="1.0" encoding="UTF-8"?>
        <ListVersionsResult xmlns="http://s3.amazonaws.com/doc/2006-03-01/"><Name>cdo-v3-sources</Name><Prefix>sources_test/1/1/main.json</Prefix><KeyMarker></KeyMarker><VersionIdMarker></VersionIdMarker><MaxKeys>1000</MaxKeys><EncodingType>url</EncodingType><IsTruncated>false</IsTruncated><DeleteMarker><Key>sources_test/1/1/main.json</Key><VersionId>j3qesR0w9x29BMDTYELkiAvPE9Rr7YVK</VersionId><IsLatest>true</IsLatest><LastModified>2022-02-10T00:39:52.000Z</LastModified><Owner><ID>cf6bd5437eaccbf2d79d5d40694e94c727ef59eb29caa52acbc32daffeb8e9e4</ID><DisplayName>site</DisplayName></Owner></DeleteMarker><Version><Key>sources_test/1/1/main.json</Key><VersionId>iJqoNhrpd5HYxT8c9HzHJUF4gZktyF5z</VersionId><IsLatest>false</IsLatest><LastModified>2022-02-10T00:39:51.000Z</LastModified><ETag>&quot;1090065b5cb46dd160a757e69203eb9c&quot;</ETag><Size>20</Size><Owner><ID>cf6bd5437eaccbf2d79d5d40694e94c727ef59eb29caa52acbc32daffeb8e9e4</ID><DisplayName>site</DisplayName></Owner><StorageClass>STANDARD</StorageClass></Version><Version><Key>sources_test/1/1/main.json</Key><VersionId>ONe0WOsT9J_9K69K8LAiTG7MW6D4V8Yc</VersionId><IsLatest>false</IsLatest><LastModified>2022-02-10T00:39:51.000Z</LastModified><ETag>&quot;70a1dbaa2226ace5cd7b0b0feed093fd&quot;</ETag><Size>20</Size><Owner><ID>cf6bd5437eaccbf2d79d5d40694e94c727ef59eb29caa52acbc32daffeb8e9e4</ID><DisplayName>site</DisplayName></Owner><StorageClass>STANDARD</StorageClass></Version></ListVersionsResult>
    http_version:
  recorded_at: Thu, 10 Feb 2022 00:39:51 GMT
- request:
    method: get
    uri: https://cdo-v3-sources.s3.amazonaws.com/sources_test/1/1/main.json?versionId=ONe0WOsT9J_9K69K8LAiTG7MW6D4V8Yc
    body:
      encoding: UTF-8
      string: ''
    headers:
      Content-Length:
      - '0'
  response:
    status:
      code: 200
      message: OK
    headers:
      Date:
      - Thu, 10 Feb 2022 00:39:53 GMT
      Last-Modified:
      - Thu, 10 Feb 2022 00:39:51 GMT
      Etag:
      - '"70a1dbaa2226ace5cd7b0b0feed093fd"'
      X-Amz-Meta-Abuse-Score:
      - '0'
      X-Amz-Version-Id:
      - ONe0WOsT9J_9K69K8LAiTG7MW6D4V8Yc
      Accept-Ranges:
      - bytes
      Content-Type:
      - ''
      Server:
      - AmazonS3
      Content-Length:
      - '20'
    body:
      encoding: UTF-8
      string: '{"source":"abc 123"}'
    http_version:
  recorded_at: Thu, 10 Feb 2022 00:39:51 GMT
- request:
    method: get
    uri: https://cdo-v3-sources.s3.amazonaws.com/sources_test/1/1/main.json?versionId=iJqoNhrpd5HYxT8c9HzHJUF4gZktyF5z
    body:
      encoding: UTF-8
      string: ''
    headers:
      Content-Length:
      - '0'
  response:
    status:
      code: 200
      message: OK
    headers:
      Date:
      - Thu, 10 Feb 2022 00:39:53 GMT
      Last-Modified:
      - Thu, 10 Feb 2022 00:39:51 GMT
      Etag:
      - '"1090065b5cb46dd160a757e69203eb9c"'
      X-Amz-Meta-Abuse-Score:
      - '0'
      X-Amz-Version-Id:
      - iJqoNhrpd5HYxT8c9HzHJUF4gZktyF5z
      Accept-Ranges:
      - bytes
      Content-Type:
      - ''
      Server:
      - AmazonS3
      Content-Length:
      - '20'
    body:
      encoding: UTF-8
      string: '{"source":"def 456"}'
    http_version:
  recorded_at: Thu, 10 Feb 2022 00:39:52 GMT
- request:
    method: get
    uri: https://cdo-v3-sources.s3.amazonaws.com/sources_test/1/1/main.json?versionId=ONe0WOsT9J_9K69K8LAiTG7MW6D4V8Yc
    body:
      encoding: UTF-8
      string: ''
    headers:
      Content-Length:
      - '0'
  response:
    status:
      code: 200
      message: OK
    headers:
      Date:
      - Thu, 10 Feb 2022 00:39:53 GMT
      Last-Modified:
      - Thu, 10 Feb 2022 00:39:51 GMT
      Etag:
      - '"70a1dbaa2226ace5cd7b0b0feed093fd"'
      X-Amz-Meta-Abuse-Score:
      - '0'
      X-Amz-Version-Id:
      - ONe0WOsT9J_9K69K8LAiTG7MW6D4V8Yc
      Accept-Ranges:
      - bytes
      Content-Type:
      - ''
      Server:
      - AmazonS3
      Content-Length:
      - '20'
    body:
      encoding: UTF-8
      string: '{"source":"abc 123"}'
    http_version:
  recorded_at: Thu, 10 Feb 2022 00:39:52 GMT
- request:
    method: put
    uri: https://cdo-v3-sources.s3.amazonaws.com/sources_test/1/1/main.json
    body:
      encoding: UTF-8
      string: '{"source":"abc 123"}'
    headers:
      Expect:
      - 100-continue
      Content-Md5:
      - cKHbqiImrOXNewsP7tCT/Q==
      Content-Length:
      - '20'
  response:
    status:
      code: 200
      message: OK
    headers:
      Date:
      - Thu, 10 Feb 2022 00:39:54 GMT
      X-Amz-Version-Id:
      - zoTeAQW1blObJnW2q4lLhIM8mGUyPMGy
      Etag:
      - '"70a1dbaa2226ace5cd7b0b0feed093fd"'
      Server:
      - AmazonS3
      Content-Length:
      - '0'
    body:
      encoding: UTF-8
      string: ''
    http_version:
  recorded_at: Thu, 10 Feb 2022 00:39:53 GMT
- request:
    method: get
    uri: https://cdo-v3-sources.s3.amazonaws.com/sources_test/1/1/main.json?versionId=zoTeAQW1blObJnW2q4lLhIM8mGUyPMGy
    body:
      encoding: UTF-8
      string: ''
    headers:
      Content-Length:
      - '0'
  response:
    status:
      code: 200
      message: OK
    headers:
      Date:
      - Thu, 10 Feb 2022 00:39:54 GMT
      Last-Modified:
      - Thu, 10 Feb 2022 00:39:54 GMT
      Etag:
      - '"70a1dbaa2226ace5cd7b0b0feed093fd"'
      X-Amz-Version-Id:
      - zoTeAQW1blObJnW2q4lLhIM8mGUyPMGy
      Accept-Ranges:
      - bytes
      Content-Type:
      - ''
      Server:
      - AmazonS3
      Content-Length:
      - '20'
    body:
      encoding: UTF-8
      string: '{"source":"abc 123"}'
    http_version:
  recorded_at: Thu, 10 Feb 2022 00:39:53 GMT
- request:
    method: get
    uri: https://cdo-v3-sources.s3.amazonaws.com/?encoding-type=url&prefix=sources_test/1/1/main.json&versions
    body:
      encoding: UTF-8
      string: ''
    headers:
      Content-Length:
      - '0'
  response:
    status:
      code: 200
      message: OK
    headers:
      Date:
      - Thu, 10 Feb 2022 00:39:54 GMT
      Content-Type:
      - application/xml
      Transfer-Encoding:
      - chunked
      Server:
      - AmazonS3
    body:
      encoding: UTF-8
      string: |-
        <?xml version="1.0" encoding="UTF-8"?>
        <ListVersionsResult xmlns="http://s3.amazonaws.com/doc/2006-03-01/"><Name>cdo-v3-sources</Name><Prefix>sources_test/1/1/main.json</Prefix><KeyMarker></KeyMarker><VersionIdMarker></VersionIdMarker><MaxKeys>1000</MaxKeys><EncodingType>url</EncodingType><IsTruncated>false</IsTruncated><Version><Key>sources_test/1/1/main.json</Key><VersionId>zoTeAQW1blObJnW2q4lLhIM8mGUyPMGy</VersionId><IsLatest>true</IsLatest><LastModified>2022-02-10T00:39:54.000Z</LastModified><ETag>&quot;70a1dbaa2226ace5cd7b0b0feed093fd&quot;</ETag><Size>20</Size><Owner><ID>cf6bd5437eaccbf2d79d5d40694e94c727ef59eb29caa52acbc32daffeb8e9e4</ID><DisplayName>site</DisplayName></Owner><StorageClass>STANDARD</StorageClass></Version><DeleteMarker><Key>sources_test/1/1/main.json</Key><VersionId>j3qesR0w9x29BMDTYELkiAvPE9Rr7YVK</VersionId><IsLatest>false</IsLatest><LastModified>2022-02-10T00:39:52.000Z</LastModified><Owner><ID>cf6bd5437eaccbf2d79d5d40694e94c727ef59eb29caa52acbc32daffeb8e9e4</ID><DisplayName>site</DisplayName></Owner></DeleteMarker><Version><Key>sources_test/1/1/main.json</Key><VersionId>iJqoNhrpd5HYxT8c9HzHJUF4gZktyF5z</VersionId><IsLatest>false</IsLatest><LastModified>2022-02-10T00:39:51.000Z</LastModified><ETag>&quot;1090065b5cb46dd160a757e69203eb9c&quot;</ETag><Size>20</Size><Owner><ID>cf6bd5437eaccbf2d79d5d40694e94c727ef59eb29caa52acbc32daffeb8e9e4</ID><DisplayName>site</DisplayName></Owner><StorageClass>STANDARD</StorageClass></Version><Version><Key>sources_test/1/1/main.json</Key><VersionId>ONe0WOsT9J_9K69K8LAiTG7MW6D4V8Yc</VersionId><IsLatest>false</IsLatest><LastModified>2022-02-10T00:39:51.000Z</LastModified><ETag>&quot;70a1dbaa2226ace5cd7b0b0feed093fd&quot;</ETag><Size>20</Size><Owner><ID>cf6bd5437eaccbf2d79d5d40694e94c727ef59eb29caa52acbc32daffeb8e9e4</ID><DisplayName>site</DisplayName></Owner><StorageClass>STANDARD</StorageClass></Version></ListVersionsResult>
    http_version:
  recorded_at: Thu, 10 Feb 2022 00:39:53 GMT
- request:
    method: post
    uri: https://cdo-v3-sources.s3.amazonaws.com/?delete
    body:
      encoding: UTF-8
      string: <Delete xmlns="http://s3.amazonaws.com/doc/2006-03-01/"><Object><Key>sources_test/1/1/main.json</Key><VersionId>zoTeAQW1blObJnW2q4lLhIM8mGUyPMGy</VersionId></Object><Object><Key>sources_test/1/1/main.json</Key><VersionId>iJqoNhrpd5HYxT8c9HzHJUF4gZktyF5z</VersionId></Object><Object><Key>sources_test/1/1/main.json</Key><VersionId>ONe0WOsT9J_9K69K8LAiTG7MW6D4V8Yc</VersionId></Object><Object><Key>sources_test/1/1/main.json</Key><VersionId>j3qesR0w9x29BMDTYELkiAvPE9Rr7YVK</VersionId></Object><Quiet>true</Quiet></Delete>
    headers:
      Expect:
      - 100-continue
      Content-Md5:
      - j8NW+LAhQV677DWl9aiGIg==
      Content-Length:
      - '520'
  response:
    status:
      code: 200
      message: OK
    headers:
      Date:
      - Thu, 10 Feb 2022 00:39:55 GMT
      Content-Type:
      - application/xml
      Transfer-Encoding:
      - chunked
      Server:
      - AmazonS3
      Connection:
      - close
    body:
      encoding: UTF-8
      string: |-
        <?xml version="1.0" encoding="UTF-8"?>
        <DeleteResult xmlns="http://s3.amazonaws.com/doc/2006-03-01/"></DeleteResult>
    http_version:
  recorded_at: Thu, 10 Feb 2022 00:39:54 GMT
- request:
    method: get
    uri: https://cdo-v3-sources.s3.amazonaws.com/?encoding-type=url&prefix=sources_test/1/1/
    body:
      encoding: UTF-8
      string: ''
    headers:
      Content-Length:
      - '0'
  response:
    status:
      code: 200
      message: OK
    headers:
      Date:
      - Thu, 10 Feb 2022 00:39:55 GMT
      X-Amz-Bucket-Region:
      - us-east-1
      Content-Type:
      - application/xml
      Transfer-Encoding:
      - chunked
      Server:
      - AmazonS3
    body:
      encoding: UTF-8
      string: |-
        <?xml version="1.0" encoding="UTF-8"?>
        <ListBucketResult xmlns="http://s3.amazonaws.com/doc/2006-03-01/"><Name>cdo-v3-sources</Name><Prefix>sources_test/1/1/</Prefix><Marker></Marker><MaxKeys>1000</MaxKeys><EncodingType>url</EncodingType><IsTruncated>false</IsTruncated></ListBucketResult>
    http_version:
  recorded_at: Thu, 10 Feb 2022 00:39:54 GMT
- request:
    method: get
    uri: https://cdo-v3-animations.s3.amazonaws.com/?encoding-type=url&prefix=animations_test/1/1/
    body:
      encoding: UTF-8
      string: ''
    headers:
      Content-Length:
      - '0'
  response:
    status:
      code: 200
      message: OK
    headers:
      Date:
      - Thu, 10 Feb 2022 00:39:56 GMT
      X-Amz-Bucket-Region:
      - us-east-1
      Content-Type:
      - application/xml
      Transfer-Encoding:
      - chunked
      Server:
      - AmazonS3
    body:
      encoding: UTF-8
      string: |-
        <?xml version="1.0" encoding="UTF-8"?>
        <ListBucketResult xmlns="http://s3.amazonaws.com/doc/2006-03-01/"><Name>cdo-v3-animations</Name><Prefix>animations_test/1/1/</Prefix><Marker></Marker><MaxKeys>1000</MaxKeys><EncodingType>url</EncodingType><IsTruncated>false</IsTruncated></ListBucketResult>
    http_version:
  recorded_at: Thu, 10 Feb 2022 00:39:55 GMT
recorded_with: VCR 3.0.3
