---
http_interactions:
  - request:
      method: post
      uri: http://api1.webpurify.com/services/rest
      body:
        encoding: US-ASCII
        string: ""
      headers: {}
    response:
      status:
        code: 200
        message: OK
      headers:
        Date:
          - Thu, 16 Mar 2023 05:08:06 GMT
        Content-Type:
          - application/json; charset=utf-8
        Transfer-Encoding:
          - chunked
        Connection:
          - keep-alive
        Server:
          - nginx
        Vary:
          - Accept-Encoding
      body:
        encoding: ASCII-8BIT
        string: '{"rsp":{"@attributes":{"stat":"ok"},"method":"webpurify.live.return","lang":"en","format":"rest","found":"0","api_key":"mocksecret"}}'
      http_version:
    recorded_at: Thu, 16 Mar 2023 05:08:06 GMT
  - request:
      method: post
      uri: http://api1.webpurify.com/services/rest
      body:
        encoding: US-ASCII
        string: ""
      headers: {}
    response:
      status:
        code: 200
        message: OK
      headers:
        Date:
          - Thu, 16 Mar 2023 05:08:06 GMT
        Content-Type:
          - application/json; charset=utf-8
        Transfer-Encoding:
          - chunked
        Connection:
          - keep-alive
        Server:
          - nginx
        Vary:
          - Accept-Encoding
      body:
        encoding: ASCII-8BIT
        string: '{"rsp":{"@attributes":{"stat":"ok"},"method":"webpurify.live.return","lang":"en","format":"rest","found":"2","expletive":["sh1t","shit"],"api_key":"mocksecret"}}'
      http_version:
    recorded_at: Thu, 16 Mar 2023 05:08:06 GMT
  - request:
      method: post
      uri: http://api1.webpurify.com/services/rest
      body:
        encoding: US-ASCII
        string: ""
      headers: {}
    response:
      status:
        code: 200
        message: OK
      headers:
        Date:
          - Thu, 16 Mar 2023 05:08:07 GMT
        Content-Type:
          - application/json; charset=utf-8
        Transfer-Encoding:
          - chunked
        Connection:
          - keep-alive
        Server:
          - nginx
        Vary:
          - Accept-Encoding
      body:
        encoding: ASCII-8BIT
        string: '{"rsp":{"@attributes":{"stat":"ok"},"method":"webpurify.live.return","lang":"en","format":"rest","found":"1","expletive":"shitstain","api_key":"mocksecret"}}'
      http_version:
    recorded_at: Thu, 16 Mar 2023 05:08:07 GMT
  - request:
      method: post
      uri: http://api1.webpurify.com/services/rest
      body:
        encoding: US-ASCII
        string: ""
      headers: {}
    response:
      status:
        code: 200
        message: OK
      headers:
        Date:
          - Thu, 16 Mar 2023 05:08:07 GMT
        Content-Type:
          - application/json; charset=utf-8
        Transfer-Encoding:
          - chunked
        Connection:
          - keep-alive
        Server:
          - nginx
        Vary:
          - Accept-Encoding
      body:
        encoding: ASCII-8BIT
        string: '{"rsp":{"@attributes":{"stat":"ok"},"method":"webpurify.live.return","lang":"en","format":"rest","found":"0","api_key":"mocksecret"}}'
      http_version:
    recorded_at: Thu, 16 Mar 2023 05:08:07 GMT
  - request:
      method: post
      uri: http://api1.webpurify.com/services/rest
      body:
        encoding: US-ASCII
        string: ""
      headers: {}
    response:
      status:
        code: 200
        message: OK
      headers:
        Date:
          - Thu, 16 Mar 2023 05:08:07 GMT
        Content-Type:
          - application/json; charset=utf-8
        Transfer-Encoding:
          - chunked
        Connection:
          - keep-alive
        Server:
          - nginx
        Vary:
          - Accept-Encoding
      body:
        encoding: ASCII-8BIT
        string: '{"rsp":{"@attributes":{"stat":"ok"},"method":"webpurify.live.return","lang":"en","format":"rest","found":"0","api_key":"mocksecret"}}'
      http_version:
    recorded_at: Thu, 16 Mar 2023 05:08:07 GMT
  - request:
      method: post
      uri: http://api1.webpurify.com/services/rest
      body:
        encoding: US-ASCII
        string: ""
      headers: {}
    response:
      status:
        code: 200
        message: OK
      headers:
        Date:
          - Thu, 16 Mar 2023 05:08:07 GMT
        Content-Type:
          - application/json; charset=utf-8
        Transfer-Encoding:
          - chunked
        Connection:
          - keep-alive
        Server:
          - nginx
        Vary:
          - Accept-Encoding
      body:
        encoding: ASCII-8BIT
        string: '{"rsp":{"@attributes":{"stat":"ok"},"method":"webpurify.live.return","lang":"en","format":"rest","found":"1","expletive":"ass","api_key":"mocksecret"}}'
      http_version:
    recorded_at: Thu, 16 Mar 2023 05:08:07 GMT
recorded_with: VCR 3.0.3
