---
http_interactions:
- request:
    method: get
    uri: https://cdo-v3-libraries.s3.amazonaws.com/?encoding-type=url&prefix=libraries_test/1/1/
    body:
      encoding: UTF-8
      string: ''
    headers:
      Content-Length:
      - '0'
  response:
    status:
      code: 200
      message: OK
    headers:
      Date:
      - Thu, 26 Sep 2019 22:44:22 GMT
      X-Amz-Bucket-Region:
      - us-east-1
      Content-Type:
      - application/xml
      Transfer-Encoding:
      - chunked
      Server:
      - AmazonS3
    body:
      encoding: UTF-8
      string: |-
        <?xml version="1.0" encoding="UTF-8"?>
        <ListBucketResult xmlns="http://s3.amazonaws.com/doc/2006-03-01/"><Name>cdo-v3-libraries</Name><Prefix>libraries_test/1/1/</Prefix><Marker></Marker><MaxKeys>1000</MaxKeys><EncodingType>url</EncodingType><IsTruncated>false</IsTruncated></ListBucketResult>
    http_version: 
  recorded_at: Thu, 26 Sep 2019 22:44:21 GMT
- request:
    method: get
    uri: https://cdo-v3-libraries.s3.amazonaws.com/?encoding-type=url&prefix=libraries_test/1/1/library.json&versions
    body:
      encoding: UTF-8
      string: ''
    headers:
      Content-Length:
      - '0'
  response:
    status:
      code: 200
      message: OK
    headers:
      Date:
      - Thu, 26 Sep 2019 22:44:22 GMT
      Content-Type:
      - application/xml
      Transfer-Encoding:
      - chunked
      Server:
      - AmazonS3
    body:
      encoding: UTF-8
      string: |-
        <?xml version="1.0" encoding="UTF-8"?>
        <ListVersionsResult xmlns="http://s3.amazonaws.com/doc/2006-03-01/"><Name>cdo-v3-libraries</Name><Prefix>libraries_test/1/1/library.json</Prefix><KeyMarker></KeyMarker><VersionIdMarker></VersionIdMarker><MaxKeys>1000</MaxKeys><EncodingType>url</EncodingType><IsTruncated>false</IsTruncated><DeleteMarker><Key>libraries_test/1/1/library.json</Key><VersionId>OdfOtBKJAyBVQQ6cxA.Y_POoMxpIp0I5</VersionId><IsLatest>true</IsLatest><LastModified>2019-09-26T22:43:11.000Z</LastModified><Owner><ID>cf6bd5437eaccbf2d79d5d40694e94c727ef59eb29caa52acbc32daffeb8e9e4</ID><DisplayName>site</DisplayName></Owner></DeleteMarker><Version><Key>libraries_test/1/1/library.json</Key><VersionId>y2sOZjFvV7latIQ7lKt2tGXJ4hlYuxsu</VersionId><IsLatest>false</IsLatest><LastModified>2019-09-26T22:43:11.000Z</LastModified><ETag>&quot;150a9ab71d3a8be3a81e91cf20ca594d&quot;</ETag><Size>21</Size><Owner><ID>cf6bd5437eaccbf2d79d5d40694e94c727ef59eb29caa52acbc32daffeb8e9e4</ID><DisplayName>site</DisplayName></Owner><StorageClass>STANDARD</StorageClass></Version></ListVersionsResult>
    http_version: 
  recorded_at: Thu, 26 Sep 2019 22:44:21 GMT
- request:
    method: post
    uri: https://cdo-v3-libraries.s3.amazonaws.com/?delete
    body:
      encoding: UTF-8
      string: |
        <Delete xmlns="http://s3.amazonaws.com/doc/2006-03-01/">
          <Object>
            <Key>libraries_test/1/1/library.json</Key>
            <VersionId>y2sOZjFvV7latIQ7lKt2tGXJ4hlYuxsu</VersionId>
          </Object>
          <Object>
            <Key>libraries_test/1/1/library.json</Key>
            <VersionId>OdfOtBKJAyBVQQ6cxA.Y_POoMxpIp0I5</VersionId>
          </Object>
          <Quiet>true</Quiet>
        </Delete>
    headers:
      Expect:
      - 100-continue
      Content-Md5:
      - SD83yCTxOIltvRjgjR8jmQ==
      Content-Length:
      - '349'
  response:
    status:
      code: 200
      message: OK
    headers:
      Date:
      - Thu, 26 Sep 2019 22:44:22 GMT
      Transfer-Encoding:
      - chunked
      Server:
      - AmazonS3
    body:
      encoding: UTF-8
      string: |-
        <?xml version="1.0" encoding="UTF-8"?>
        <DeleteResult xmlns="http://s3.amazonaws.com/doc/2006-03-01/"></DeleteResult>
    http_version: 
  recorded_at: Thu, 26 Sep 2019 22:44:21 GMT
- request:
    method: delete
    uri: https://cdo-v3-libraries.s3.amazonaws.com/libraries_test/1/1/library.json
    body:
      encoding: UTF-8
      string: ''
    headers:
      Content-Length:
      - '0'
  response:
    status:
      code: 204
      message: No Content
    headers:
      Date:
      - Thu, 26 Sep 2019 22:44:22 GMT
      X-Amz-Version-Id:
      - qOBqQL.Va6ocNMHs187.Gmiw96kQkIyo
      X-Amz-Delete-Marker:
      - 'true'
      Server:
      - AmazonS3
    body:
      encoding: UTF-8
      string: ''
    http_version: 
  recorded_at: Thu, 26 Sep 2019 22:44:21 GMT
- request:
    method: get
    uri: https://cdo-v3-libraries.s3.amazonaws.com/libraries_test/1/1/library.json
    body:
      encoding: UTF-8
      string: ''
    headers:
      Content-Length:
      - '0'
  response:
    status:
      code: 404
      message: Not Found
    headers:
      X-Amz-Delete-Marker:
      - 'true'
      X-Amz-Version-Id:
      - qOBqQL.Va6ocNMHs187.Gmiw96kQkIyo
      Content-Type:
      - application/xml
      Transfer-Encoding:
      - chunked
      Date:
      - Thu, 26 Sep 2019 22:44:21 GMT
      Server:
      - AmazonS3
    body:
      encoding: UTF-8
      string: |-
        <?xml version="1.0" encoding="UTF-8"?>
        <Error><Code>NoSuchKey</Code><Message>The specified key does not exist.</Message><Key>libraries_test/1/1/library.json</Key><RequestId>B6E63B2E42F225D3</RequestId><HostId>9ci1y+aFI3iiAPg7RYGhiv6RB14k0MYJt5ck6F+uTnPkNkJJRwmmL9uGlMrCEEMN6+zbQQfEnhE=</HostId></Error>
    http_version: 
  recorded_at: Thu, 26 Sep 2019 22:44:21 GMT
- request:
    method: get
    uri: https://cdo-v3-libraries.s3.amazonaws.com/?encoding-type=url&prefix=libraries_test/1/1/
    body:
      encoding: UTF-8
      string: ''
    headers:
      Content-Length:
      - '0'
  response:
    status:
      code: 200
      message: OK
    headers:
      Date:
      - Thu, 26 Sep 2019 22:44:22 GMT
      X-Amz-Bucket-Region:
      - us-east-1
      Content-Type:
      - application/xml
      Transfer-Encoding:
      - chunked
      Server:
      - AmazonS3
    body:
      encoding: UTF-8
      string: |-
        <?xml version="1.0" encoding="UTF-8"?>
        <ListBucketResult xmlns="http://s3.amazonaws.com/doc/2006-03-01/"><Name>cdo-v3-libraries</Name><Prefix>libraries_test/1/1/</Prefix><Marker></Marker><MaxKeys>1000</MaxKeys><EncodingType>url</EncodingType><IsTruncated>false</IsTruncated></ListBucketResult>
    http_version: 
  recorded_at: Thu, 26 Sep 2019 22:44:21 GMT
recorded_with: VCR 3.0.3
