---
http_interactions:
- request:
    method: get
    uri: https://cdo-v3-files.s3.amazonaws.com/files_test/1/1/manifest.json
    body:
      encoding: ASCII-8BIT
      string: ''
    headers:
      Content-Length:
      - '0'
  response:
    status:
      code: 404
      message: Not Found
    headers:
      Content-Type:
      - application/xml
      Transfer-Encoding:
      - chunked
      Date:
      - Wed, 05 Apr 2017 15:23:55 GMT
      Server:
      - AmazonS3
    body:
      encoding: UTF-8
      string: |-
        <?xml version="1.0" encoding="UTF-8"?>
        <Error><Code>NoSuchKey</Code><Message>The specified key does not exist.</Message><Key>files_test/1/1/manifest.json</Key><RequestId>6DF64F729FC2EC66</RequestId><HostId>CIa4s0h99pXLVY42koLtU2tbUA5ujXNdXdR2tlL45vItrOKiGR/lkHwChQOL6qLIIdbLlIPDrEk=</HostId></Error>
    http_version: 
  recorded_at: Wed, 05 Apr 2017 15:24:06 GMT
- request:
    method: get
    uri: https://cdo-v3-files.s3.amazonaws.com/?encoding-type=url&prefix=files_test/1/1/casesensitiveac0a7f8c2faac49775a6.PNG&versions
    body:
      encoding: ASCII-8BIT
      string: ''
    headers:
      Content-Length:
      - '0'
  response:
    status:
      code: 200
      message: OK
    headers:
      Date:
      - Wed, 05 Apr 2017 15:23:57 GMT
      Content-Type:
      - application/xml
      Transfer-Encoding:
      - chunked
      Server:
      - AmazonS3
    body:
      encoding: UTF-8
      string: |-
        <?xml version="1.0" encoding="UTF-8"?>
        <ListVersionsResult xmlns="http://s3.amazonaws.com/doc/2006-03-01/"><Name>cdo-v3-files</Name><Prefix>files_test/1/1/casesensitiveac0a7f8c2faac49775a6.PNG</Prefix><KeyMarker></KeyMarker><VersionIdMarker></VersionIdMarker><MaxKeys>1000</MaxKeys><EncodingType>url</EncodingType><IsTruncated>false</IsTruncated></ListVersionsResult>
    http_version: 
  recorded_at: Wed, 05 Apr 2017 15:24:06 GMT
- request:
    method: get
    uri: https://cdo-v3-files.s3.amazonaws.com/?encoding-type=url&prefix=files_test/1/1/casesensitiveac0a7f8c2faac49775a6.png&versions
    body:
      encoding: ASCII-8BIT
      string: ''
    headers:
      Content-Length:
      - '0'
  response:
    status:
      code: 200
      message: OK
    headers:
      Date:
      - Wed, 05 Apr 2017 15:23:57 GMT
      Content-Type:
      - application/xml
      Transfer-Encoding:
      - chunked
      Server:
      - AmazonS3
    body:
      encoding: UTF-8
      string: |-
        <?xml version="1.0" encoding="UTF-8"?>
        <ListVersionsResult xmlns="http://s3.amazonaws.com/doc/2006-03-01/"><Name>cdo-v3-files</Name><Prefix>files_test/1/1/casesensitiveac0a7f8c2faac49775a6.png</Prefix><KeyMarker></KeyMarker><VersionIdMarker></VersionIdMarker><MaxKeys>1000</MaxKeys><EncodingType>url</EncodingType><IsTruncated>false</IsTruncated><DeleteMarker><Key>files_test/1/1/casesensitiveac0a7f8c2faac49775a6.png</Key><VersionId>LCCQcVS5Tly2qVtvzFGdG8._3KawPC2U</VersionId><IsLatest>true</IsLatest><LastModified>2017-04-05T15:13:32.000Z</LastModified><Owner><ID>cf6bd5437eaccbf2d79d5d40694e94c727ef59eb29caa52acbc32daffeb8e9e4</ID><DisplayName>site</DisplayName></Owner></DeleteMarker><Version><Key>files_test/1/1/casesensitiveac0a7f8c2faac49775a6.png</Key><VersionId>iw62WbEaOIPQVhEbh75njhUMRa8_mT9y</VersionId><IsLatest>false</IsLatest><LastModified>2017-04-05T15:13:29.000Z</LastModified><ETag>&quot;235d4fa9db5281ad9e8888bc6e398221&quot;</ETag><Size>13</Size><Owner><ID>cf6bd5437eaccbf2d79d5d40694e94c727ef59eb29caa52acbc32daffeb8e9e4</ID><DisplayName>site</DisplayName></Owner><StorageClass>STANDARD</StorageClass></Version></ListVersionsResult>
    http_version: 
  recorded_at: Wed, 05 Apr 2017 15:24:07 GMT
- request:
    method: post
    uri: https://cdo-v3-files.s3.amazonaws.com/?delete
    body:
      encoding: UTF-8
      string: |
        <Delete xmlns="http://s3.amazonaws.com/doc/2006-03-01/">
          <Object>
            <Key>files_test/1/1/casesensitiveac0a7f8c2faac49775a6.png</Key>
            <VersionId>iw62WbEaOIPQVhEbh75njhUMRa8_mT9y</VersionId>
          </Object>
          <Object>
            <Key>files_test/1/1/casesensitiveac0a7f8c2faac49775a6.png</Key>
            <VersionId>LCCQcVS5Tly2qVtvzFGdG8._3KawPC2U</VersionId>
          </Object>
          <Quiet>true</Quiet>
        </Delete>
    headers:
      Expect:
      - 100-continue
      Content-Md5:
      - dQliDh6ii2LvMGefN5qxsg==
      Content-Length:
      - '391'
  response:
    status:
      code: 200
      message: OK
    headers:
      Date:
      - Wed, 05 Apr 2017 15:23:57 GMT
      Connection:
      - close
      Content-Type:
      - application/xml
      Transfer-Encoding:
      - chunked
      Server:
      - AmazonS3
    body:
      encoding: UTF-8
      string: |-
        <?xml version="1.0" encoding="UTF-8"?>
        <DeleteResult xmlns="http://s3.amazonaws.com/doc/2006-03-01/"></DeleteResult>
    http_version: 
  recorded_at: Wed, 05 Apr 2017 15:24:07 GMT
- request:
    method: get
    uri: https://cdo-v3-files.s3.amazonaws.com/?encoding-type=url&prefix=files_test/1/1/manifest.json&versions
    body:
      encoding: ASCII-8BIT
      string: ''
    headers:
      Content-Length:
      - '0'
  response:
    status:
      code: 200
      message: OK
    headers:
      Date:
      - Wed, 05 Apr 2017 15:23:58 GMT
      Content-Type:
      - application/xml
      Transfer-Encoding:
      - chunked
      Server:
      - AmazonS3
    body:
      encoding: UTF-8
      string: |-
        <?xml version="1.0" encoding="UTF-8"?>
        <ListVersionsResult xmlns="http://s3.amazonaws.com/doc/2006-03-01/"><Name>cdo-v3-files</Name><Prefix>files_test/1/1/manifest.json</Prefix><KeyMarker></KeyMarker><VersionIdMarker></VersionIdMarker><MaxKeys>1000</MaxKeys><EncodingType>url</EncodingType><IsTruncated>false</IsTruncated></ListVersionsResult>
    http_version: 
  recorded_at: Wed, 05 Apr 2017 15:24:08 GMT
- request:
    method: get
    uri: https://cdo-v3-files.s3.amazonaws.com/files_test/1/1/manifest.json
    body:
      encoding: ASCII-8BIT
      string: ''
    headers:
      Content-Length:
      - '0'
  response:
    status:
      code: 404
      message: Not Found
    headers:
      Content-Type:
      - application/xml
      Transfer-Encoding:
      - chunked
      Date:
      - Wed, 05 Apr 2017 15:23:56 GMT
      Server:
      - AmazonS3
    body:
      encoding: UTF-8
      string: |-
        <?xml version="1.0" encoding="UTF-8"?>
        <Error><Code>NoSuchKey</Code><Message>The specified key does not exist.</Message><Key>files_test/1/1/manifest.json</Key><RequestId>0FBBD93BD5C41126</RequestId><HostId>zWAH+pds7G+hu0ysz84lHHMYKglY25Oni7KubDljDHM1r6pu39+etd39ITGc7fJnnqE7OVJITMM=</HostId></Error>
    http_version: 
  recorded_at: Wed, 05 Apr 2017 15:24:08 GMT
- request:
    method: get
    uri: https://cdo-v3-files.s3.amazonaws.com/?encoding-type=url&prefix=files_test/1/1/
    body:
      encoding: ASCII-8BIT
      string: ''
    headers:
      Content-Length:
      - '0'
  response:
    status:
      code: 200
      message: OK
    headers:
      Date:
      - Wed, 05 Apr 2017 15:23:59 GMT
      X-Amz-Bucket-Region:
      - us-east-1
      Content-Type:
      - application/xml
      Transfer-Encoding:
      - chunked
      Server:
      - AmazonS3
    body:
      encoding: UTF-8
      string: |-
        <?xml version="1.0" encoding="UTF-8"?>
        <ListBucketResult xmlns="http://s3.amazonaws.com/doc/2006-03-01/"><Name>cdo-v3-files</Name><Prefix>files_test/1/1/</Prefix><Marker></Marker><MaxKeys>1000</MaxKeys><EncodingType>url</EncodingType><IsTruncated>false</IsTruncated></ListBucketResult>
    http_version: 
  recorded_at: Wed, 05 Apr 2017 15:24:08 GMT
- request:
    method: put
    uri: https://cdo-v3-files.s3.amazonaws.com/files_test/1/1/casesensitiveac0a7f8c2faac49775a6.png
    body:
      encoding: ASCII-8BIT
      string: stub-contents
    headers:
      X-Amz-Meta-Abuse-Score:
      - '0'
      Expect:
      - 100-continue
      Content-Md5:
      - I11PqdtSga2eiIi8bjmCIQ==
      Content-Length:
      - '13'
  response:
    status:
      code: 200
      message: OK
    headers:
      Date:
      - Wed, 05 Apr 2017 15:23:59 GMT
      X-Amz-Version-Id:
      - lJxm4a6zM16AS0..f5uRvwl1U57JsBva
      Etag:
      - '"235d4fa9db5281ad9e8888bc6e398221"'
      Content-Length:
      - '0'
      Server:
      - AmazonS3
    body:
      encoding: UTF-8
      string: ''
    http_version: 
  recorded_at: Wed, 05 Apr 2017 15:24:09 GMT
- request:
    method: put
    uri: https://cdo-v3-files.s3.amazonaws.com/files_test/1/1/manifest.json
    body:
      encoding: UTF-8
      string: '[{"filename":"casesensitiveac0a7f8c2faac49775a6.PNG","category":"image","size":13,"versionId":"lJxm4a6zM16AS0..f5uRvwl1U57JsBva"}]'
    headers:
      X-Amz-Meta-Abuse-Score:
      - '0'
      Expect:
      - 100-continue
      Content-Md5:
      - wUzflwxtqxfXjOoL0J789Q==
      Content-Length:
      - '130'
  response:
    status:
      code: 200
      message: OK
    headers:
      Date:
      - Wed, 05 Apr 2017 15:24:00 GMT
      X-Amz-Version-Id:
      - TlBS6yYlrVxazBPiRFwhDeBynbugrHoD
      Etag:
      - '"c14cdf970c6dab17d78cea0bd09efcf5"'
      Content-Length:
      - '0'
      Server:
      - AmazonS3
    body:
      encoding: UTF-8
      string: ''
    http_version: 
  recorded_at: Wed, 05 Apr 2017 15:24:10 GMT
- request:
    method: get
    uri: https://cdo-v3-files.s3.amazonaws.com/files_test/1/1/casesensitiveac0a7f8c2faac49775a6.png
    body:
      encoding: ASCII-8BIT
      string: ''
    headers:
      Content-Length:
      - '0'
  response:
    status:
      code: 200
      message: OK
    headers:
      Date:
      - Wed, 05 Apr 2017 15:24:00 GMT
      Last-Modified:
      - Wed, 05 Apr 2017 15:23:59 GMT
      Etag:
      - '"235d4fa9db5281ad9e8888bc6e398221"'
      X-Amz-Meta-Abuse-Score:
      - '0'
      X-Amz-Version-Id:
      - lJxm4a6zM16AS0..f5uRvwl1U57JsBva
      Accept-Ranges:
      - bytes
      Content-Type:
      - ''
      Content-Length:
      - '13'
      Server:
      - AmazonS3
    body:
      encoding: UTF-8
      string: stub-contents
    http_version: 
  recorded_at: Wed, 05 Apr 2017 15:24:10 GMT
- request:
    method: get
    uri: https://cdo-v3-files.s3.amazonaws.com/files_test/1/1/casesensitiveac0a7f8c2faac49775a6.png
    body:
      encoding: ASCII-8BIT
      string: ''
    headers:
      Content-Length:
      - '0'
  response:
    status:
      code: 200
      message: OK
    headers:
      Date:
      - Wed, 05 Apr 2017 15:24:01 GMT
      Last-Modified:
      - Wed, 05 Apr 2017 15:23:59 GMT
      Etag:
      - '"235d4fa9db5281ad9e8888bc6e398221"'
      X-Amz-Meta-Abuse-Score:
      - '0'
      X-Amz-Version-Id:
      - lJxm4a6zM16AS0..f5uRvwl1U57JsBva
      Accept-Ranges:
      - bytes
      Content-Type:
      - ''
      Content-Length:
      - '13'
      Server:
      - AmazonS3
    body:
      encoding: UTF-8
      string: stub-contents
    http_version: 
  recorded_at: Wed, 05 Apr 2017 15:24:10 GMT
- request:
    method: get
    uri: https://cdo-v3-files.s3.amazonaws.com/files_test/1/1/manifest.json
    body:
      encoding: ASCII-8BIT
      string: ''
    headers:
      Content-Length:
      - '0'
  response:
    status:
      code: 200
      message: OK
    headers:
      Date:
      - Wed, 05 Apr 2017 15:24:01 GMT
      Last-Modified:
      - Wed, 05 Apr 2017 15:24:00 GMT
      Etag:
      - '"c14cdf970c6dab17d78cea0bd09efcf5"'
      X-Amz-Meta-Abuse-Score:
      - '0'
      X-Amz-Version-Id:
      - TlBS6yYlrVxazBPiRFwhDeBynbugrHoD
      Accept-Ranges:
      - bytes
      Content-Type:
      - ''
      Content-Length:
      - '130'
      Server:
      - AmazonS3
    body:
      encoding: UTF-8
      string: '[{"filename":"casesensitiveac0a7f8c2faac49775a6.PNG","category":"image","size":13,"versionId":"lJxm4a6zM16AS0..f5uRvwl1U57JsBva"}]'
    http_version: 
  recorded_at: Wed, 05 Apr 2017 15:24:11 GMT
- request:
    method: put
    uri: https://cdo-v3-files.s3.amazonaws.com/files_test/1/1/manifest.json
    body:
      encoding: UTF-8
      string: "[]"
    headers:
      X-Amz-Meta-Abuse-Score:
      - '0'
      Expect:
      - 100-continue
      Content-Md5:
      - 11FxOYiYfpMxmANj4kGJzg==
      Content-Length:
      - '2'
  response:
    status:
      code: 200
      message: OK
    headers:
      Date:
      - Wed, 05 Apr 2017 15:24:01 GMT
      X-Amz-Version-Id:
      - e2pRamfiAPW5ydPLp8pA8XpTf0XTDc8x
      Etag:
      - '"d751713988987e9331980363e24189ce"'
      Content-Length:
      - '0'
      Server:
      - AmazonS3
    body:
      encoding: UTF-8
      string: ''
    http_version: 
  recorded_at: Wed, 05 Apr 2017 15:24:11 GMT
- request:
    method: delete
    uri: https://cdo-v3-files.s3.amazonaws.com/files_test/1/1/casesensitiveac0a7f8c2faac49775a6.png
    body:
      encoding: ASCII-8BIT
      string: ''
    headers:
      Content-Length:
      - '0'
  response:
    status:
      code: 204
      message: No Content
    headers:
      Date:
      - Wed, 05 Apr 2017 15:24:02 GMT
      X-Amz-Version-Id:
      - txzOhmxY.Yg5ewXV7XafZl46x1YdYsdy
      X-Amz-Delete-Marker:
      - 'true'
      Server:
      - AmazonS3
    body:
      encoding: UTF-8
      string: ''
    http_version: 
  recorded_at: Wed, 05 Apr 2017 15:24:12 GMT
- request:
    method: get
    uri: https://cdo-v3-files.s3.amazonaws.com/?encoding-type=url&prefix=files_test/1/1/manifest.json&versions
    body:
      encoding: ASCII-8BIT
      string: ''
    headers:
      Content-Length:
      - '0'
  response:
    status:
      code: 200
      message: OK
    headers:
      Date:
      - Wed, 05 Apr 2017 15:24:02 GMT
      Content-Type:
      - application/xml
      Transfer-Encoding:
      - chunked
      Server:
      - AmazonS3
    body:
      encoding: UTF-8
      string: |-
        <?xml version="1.0" encoding="UTF-8"?>
        <ListVersionsResult xmlns="http://s3.amazonaws.com/doc/2006-03-01/"><Name>cdo-v3-files</Name><Prefix>files_test/1/1/manifest.json</Prefix><KeyMarker></KeyMarker><VersionIdMarker></VersionIdMarker><MaxKeys>1000</MaxKeys><EncodingType>url</EncodingType><IsTruncated>false</IsTruncated><Version><Key>files_test/1/1/manifest.json</Key><VersionId>e2pRamfiAPW5ydPLp8pA8XpTf0XTDc8x</VersionId><IsLatest>true</IsLatest><LastModified>2017-04-05T15:24:01.000Z</LastModified><ETag>&quot;d751713988987e9331980363e24189ce&quot;</ETag><Size>2</Size><Owner><ID>cf6bd5437eaccbf2d79d5d40694e94c727ef59eb29caa52acbc32daffeb8e9e4</ID><DisplayName>site</DisplayName></Owner><StorageClass>STANDARD</StorageClass></Version><Version><Key>files_test/1/1/manifest.json</Key><VersionId>TlBS6yYlrVxazBPiRFwhDeBynbugrHoD</VersionId><IsLatest>false</IsLatest><LastModified>2017-04-05T15:24:00.000Z</LastModified><ETag>&quot;c14cdf970c6dab17d78cea0bd09efcf5&quot;</ETag><Size>130</Size><Owner><ID>cf6bd5437eaccbf2d79d5d40694e94c727ef59eb29caa52acbc32daffeb8e9e4</ID><DisplayName>site</DisplayName></Owner><StorageClass>STANDARD</StorageClass></Version></ListVersionsResult>
    http_version: 
  recorded_at: Wed, 05 Apr 2017 15:24:12 GMT
- request:
    method: post
    uri: https://cdo-v3-files.s3.amazonaws.com/?delete
    body:
      encoding: UTF-8
      string: |
        <Delete xmlns="http://s3.amazonaws.com/doc/2006-03-01/">
          <Object>
            <Key>files_test/1/1/manifest.json</Key>
            <VersionId>e2pRamfiAPW5ydPLp8pA8XpTf0XTDc8x</VersionId>
          </Object>
          <Object>
            <Key>files_test/1/1/manifest.json</Key>
            <VersionId>TlBS6yYlrVxazBPiRFwhDeBynbugrHoD</VersionId>
          </Object>
          <Quiet>true</Quiet>
        </Delete>
    headers:
      Expect:
      - 100-continue
      Content-Md5:
      - 9EhJ2rbz00XkfTiKkAbIdw==
      Content-Length:
      - '343'
  response:
    status:
      code: 200
      message: OK
    headers:
      Date:
      - Wed, 05 Apr 2017 15:24:03 GMT
      Connection:
      - close
      Content-Type:
      - application/xml
      Transfer-Encoding:
      - chunked
      Server:
      - AmazonS3
    body:
      encoding: UTF-8
      string: |-
        <?xml version="1.0" encoding="UTF-8"?>
        <DeleteResult xmlns="http://s3.amazonaws.com/doc/2006-03-01/"></DeleteResult>
    http_version: 
  recorded_at: Wed, 05 Apr 2017 15:24:13 GMT
- request:
    method: get
    uri: https://cdo-v3-files.s3.amazonaws.com/files_test/1/1/manifest.json
    body:
      encoding: ASCII-8BIT
      string: ''
    headers:
      Content-Length:
      - '0'
  response:
    status:
      code: 404
      message: Not Found
    headers:
      Content-Type:
      - application/xml
      Transfer-Encoding:
      - chunked
      Date:
      - Wed, 05 Apr 2017 15:24:02 GMT
      Server:
      - AmazonS3
    body:
      encoding: UTF-8
      string: |-
        <?xml version="1.0" encoding="UTF-8"?>
        <Error><Code>NoSuchKey</Code><Message>The specified key does not exist.</Message><Key>files_test/1/1/manifest.json</Key><RequestId>804689686784CFEB</RequestId><HostId>MmBnWwGA6TGcrq7CsyjlHIMBvyrX1J8sYooUbB1USbOdSfeE7YYYvn5WA7GJ92TNmOXOKmgU4Ko=</HostId></Error>
    http_version: 
  recorded_at: Wed, 05 Apr 2017 15:24:13 GMT
recorded_with: VCR 3.0.3
