---
http_interactions:
- request:
    method: post
    uri: https://dynamodb.us-east-1.amazonaws.com/
    body:
      encoding: UTF-8
      string: '{"TableName":"test_tables","KeyConditions":{"hash":{"AttributeValueList":[{"S":"1:_testTable:"}],"ComparisonOperator":"EQ"}},"AttributesToGet":["row_id"]}'
    headers:
      X-Amz-Target:
      - DynamoDB_20120810.Query
      Content-Length:
      - '154'
  response:
    status:
      code: 200
      message: OK
    headers:
      X-Amzn-Requestid:
      - M20HP21FOEJ7QVKG98N1BD177RVV4KQNSO5AEMVJF66Q9ASUAAJG
      X-Amz-Crc32:
      - '3677345942'
      Content-Type:
      - application/x-amz-json-1.0
      Content-Length:
      - '80'
      Date:
      - Mon, 18 Jan 2016 21:28:37 GMT
    body:
      encoding: UTF-8
      string: '{"Count":2,"Items":[{"row_id":{"N":"1"}},{"row_id":{"N":"2"}}],"ScannedCount":2}'
    http_version: 
  recorded_at: Mon, 18 Jan 2016 21:28:37 GMT
- request:
    method: post
    uri: https://dynamodb.us-east-1.amazonaws.com/
    body:
      encoding: UTF-8
      string: '{"RequestItems":{"test_tables":[{"DeleteRequest":{"Key":{"hash":{"S":"1:_testTable:"},"row_id":{"N":"0.1E1"}}}},{"DeleteRequest":{"Key":{"hash":{"S":"1:_testTable:"},"row_id":{"N":"0.2E1"}}}}]}}'
    headers:
      X-Amz-Target:
      - DynamoDB_20120810.BatchWriteItem
      Content-Length:
      - '194'
  response:
    status:
      code: 200
      message: OK
    headers:
      X-Amzn-Requestid:
      - EGIQ4D8FEO54M3D4DKDKG2NK3BVV4KQNSO5AEMVJF66Q9ASUAAJG
      X-Amz-Crc32:
      - '4185382651'
      Content-Type:
      - application/x-amz-json-1.0
      Content-Length:
      - '23'
      Date:
      - Mon, 18 Jan 2016 21:28:37 GMT
    body:
      encoding: UTF-8
      string: '{"UnprocessedItems":{}}'
    http_version: 
  recorded_at: Mon, 18 Jan 2016 21:28:38 GMT
- request:
    method: post
    uri: https://dynamodb.us-east-1.amazonaws.com/
    body:
      encoding: UTF-8
      string: '{"TableName":"test_tables","ConsistentRead":true,"KeyConditions":{"hash":{"AttributeValueList":[{"S":"1:_testTable:"}],"ComparisonOperator":"EQ"}}}'
    headers:
      X-Amz-Target:
      - DynamoDB_20120810.Query
      Content-Length:
      - '147'
  response:
    status:
      code: 200
      message: OK
    headers:
      X-Amzn-Requestid:
      - FHPDUEL018N81KJHOI45Q3BI2VVV4KQNSO5AEMVJF66Q9ASUAAJG
      X-Amz-Crc32:
      - '3413411624'
      Content-Type:
      - application/x-amz-json-1.0
      Content-Length:
      - '39'
      Date:
      - Mon, 18 Jan 2016 21:28:37 GMT
    body:
      encoding: UTF-8
      string: '{"Count":0,"Items":[],"ScannedCount":0}'
    http_version: 
  recorded_at: Mon, 18 Jan 2016 21:28:38 GMT
- request:
    method: post
    uri: https://dynamodb.us-east-1.amazonaws.com/
    body:
      encoding: UTF-8
      string: '{"TableName":"test_tables","KeyConditions":{"hash":{"AttributeValueList":[{"S":"1:_testTable:"}],"ComparisonOperator":"EQ"}},"AttributesToGet":["row_id"],"Limit":1,"ScanIndexForward":false}'
    headers:
      X-Amz-Target:
      - DynamoDB_20120810.Query
      Content-Length:
      - '189'
  response:
    status:
      code: 200
      message: OK
    headers:
      X-Amzn-Requestid:
      - KKE2715H8BHBMU4D8J8SRTOBF3VV4KQNSO5AEMVJF66Q9ASUAAJG
      X-Amz-Crc32:
      - '3413411624'
      Content-Type:
      - application/x-amz-json-1.0
      Content-Length:
      - '39'
      Date:
      - Mon, 18 Jan 2016 21:28:38 GMT
    body:
      encoding: UTF-8
      string: '{"Count":0,"Items":[],"ScannedCount":0}'
    http_version: 
  recorded_at: Mon, 18 Jan 2016 21:28:38 GMT
- request:
    method: post
    uri: https://dynamodb.us-east-1.amazonaws.com/
    body:
      encoding: UTF-8
      string: '{"TableName":"test_tables","Item":{"hash":{"S":"1:_testTable:"},"channel_id":{"N":"1"},"table_name":{"S":"_testTable"},"row_id":{"N":"1"},"updated_at":{"S":"2016-01-18T13:28:38-08:00"},"updated_ip":{"S":"127.0.0.1"},"value":{"S":"{\"name\":\"alice\",\"age\":7,\"male\":false}"}},"Expected":{"row_id":{"Value":{"N":"1"},"ComparisonOperator":"NE"}}}'
    headers:
      X-Amz-Target:
      - DynamoDB_20120810.PutItem
      Content-Length:
      - '347'
  response:
    status:
      code: 200
      message: OK
    headers:
      X-Amzn-Requestid:
      - G02PKPGC92GA8T91NQ220UFUTBVV4KQNSO5AEMVJF66Q9ASUAAJG
      X-Amz-Crc32:
      - '2745614147'
      Content-Type:
      - application/x-amz-json-1.0
      Content-Length:
      - '2'
      Date:
      - Mon, 18 Jan 2016 21:28:38 GMT
    body:
      encoding: UTF-8
      string: "{}"
    http_version: 
  recorded_at: Mon, 18 Jan 2016 21:28:39 GMT
- request:
    method: post
    uri: https://dynamodb.us-east-1.amazonaws.com/
    body:
      encoding: UTF-8
      string: '{"TableName":"test_tables","ConsistentRead":true,"KeyConditions":{"hash":{"AttributeValueList":[{"S":"1:_testTable:"}],"ComparisonOperator":"EQ"}}}'
    headers:
      X-Amz-Target:
      - DynamoDB_20120810.Query
      Content-Length:
      - '147'
  response:
    status:
      code: 200
      message: OK
    headers:
      X-Amzn-Requestid:
      - FS1SOELBE4U7IA5FGG4KI0B4U3VV4KQNSO5AEMVJF66Q9ASUAAJG
      X-Amz-Crc32:
      - '2343783971'
      Content-Type:
      - application/x-amz-json-1.0
      Content-Length:
      - '283'
      Date:
      - Mon, 18 Jan 2016 21:28:39 GMT
    body:
      encoding: UTF-8
      string: '{"Count":1,"Items":[{"value":{"S":"{\"name\":\"alice\",\"age\":7,\"male\":false}"},"hash":{"S":"1:_testTable:"},"row_id":{"N":"1"},"channel_id":{"N":"1"},"updated_ip":{"S":"127.0.0.1"},"table_name":{"S":"_testTable"},"updated_at":{"S":"2016-01-18T13:28:38-08:00"}}],"ScannedCount":1}'
    http_version: 
  recorded_at: Mon, 18 Jan 2016 21:28:39 GMT
- request:
    method: post
    uri: https://dynamodb.us-east-1.amazonaws.com/
    body:
      encoding: UTF-8
      string: '{"TableName":"test_tables","Item":{"hash":{"S":"1:_testTable:"},"channel_id":{"N":"1"},"table_name":{"S":"_testTable"},"row_id":{"N":"1"},"updated_at":{"S":"2016-01-18T13:28:39-08:00"},"updated_ip":{"S":"127.0.0.1"},"value":{"S":"{\"age\":8}"}},"Expected":{"row_id":{"Value":{"N":"1"},"ComparisonOperator":"EQ"}}}'
    headers:
      X-Amz-Target:
      - DynamoDB_20120810.PutItem
      Content-Length:
      - '313'
  response:
    status:
      code: 200
      message: OK
    headers:
      Server:
      - Server
      Date:
      - Mon, 18 Jan 2016 21:28:39 GMT
      Content-Type:
      - application/x-amz-json-1.0
      Content-Length:
      - '2'
      Connection:
      - keep-alive
      X-Amzn-Requestid:
      - SCHAC5C1535DF0MHADK6MI3P73VV4KQNSO5AEMVJF66Q9ASUAAJG
      X-Amz-Crc32:
      - '2745614147'
    body:
      encoding: UTF-8
      string: "{}"
    http_version: 
  recorded_at: Mon, 18 Jan 2016 21:28:39 GMT
- request:
    method: post
    uri: https://dynamodb.us-east-1.amazonaws.com/
    body:
      encoding: UTF-8
      string: '{"TableName":"test_tables","ConsistentRead":true,"KeyConditions":{"hash":{"AttributeValueList":[{"S":"1:_testTable:"}],"ComparisonOperator":"EQ"}}}'
    headers:
      X-Amz-Target:
      - DynamoDB_20120810.Query
      Content-Length:
      - '147'
  response:
    status:
      code: 200
      message: OK
    headers:
      X-Amzn-Requestid:
      - A3A0AF7JBUKML3EQ5PUSMBG5BRVV4KQNSO5AEMVJF66Q9ASUAAJG
      X-Amz-Crc32:
      - '2990387540'
      Content-Type:
      - application/x-amz-json-1.0
      Content-Length:
      - '249'
      Date:
      - Mon, 18 Jan 2016 21:28:39 GMT
    body:
      encoding: UTF-8
      string: '{"Count":1,"Items":[{"value":{"S":"{\"age\":8}"},"hash":{"S":"1:_testTable:"},"row_id":{"N":"1"},"channel_id":{"N":"1"},"updated_ip":{"S":"127.0.0.1"},"table_name":{"S":"_testTable"},"updated_at":{"S":"2016-01-18T13:28:39-08:00"}}],"ScannedCount":1}'
    http_version: 
  recorded_at: Mon, 18 Jan 2016 21:28:40 GMT
- request:
    method: post
    uri: https://dynamodb.us-east-1.amazonaws.com/
    body:
      encoding: UTF-8
      string: '{"TableName":"test_tables","Key":{"hash":{"S":"1:_testTable:"},"row_id":{"N":"1"}},"Expected":{"row_id":{"Value":{"N":"1"},"ComparisonOperator":"EQ"}}}'
    headers:
      X-Amz-Target:
      - DynamoDB_20120810.DeleteItem
      Content-Length:
      - '151'
  response:
    status:
      code: 200
      message: OK
    headers:
      X-Amzn-Requestid:
      - JJTPVRK09QDD3MFVSL077218A7VV4KQNSO5AEMVJF66Q9ASUAAJG
      X-Amz-Crc32:
      - '2745614147'
      Content-Type:
      - application/x-amz-json-1.0
      Content-Length:
      - '2'
      Date:
      - Mon, 18 Jan 2016 21:28:40 GMT
    body:
      encoding: UTF-8
      string: "{}"
    http_version: 
  recorded_at: Mon, 18 Jan 2016 21:28:40 GMT
- request:
    method: post
    uri: https://dynamodb.us-east-1.amazonaws.com/
    body:
      encoding: UTF-8
      string: '{"TableName":"test_tables","ConsistentRead":true,"KeyConditions":{"hash":{"AttributeValueList":[{"S":"1:_testTable:"}],"ComparisonOperator":"EQ"}}}'
    headers:
      X-Amz-Target:
      - DynamoDB_20120810.Query
      Content-Length:
      - '147'
  response:
    status:
      code: 200
      message: OK
    headers:
      X-Amzn-Requestid:
      - 76KBNKU9U2B8FG3771U566I2VNVV4KQNSO5AEMVJF66Q9ASUAAJG
      X-Amz-Crc32:
      - '3413411624'
      Content-Type:
      - application/x-amz-json-1.0
      Content-Length:
      - '39'
      Date:
      - Mon, 18 Jan 2016 21:28:40 GMT
    body:
      encoding: UTF-8
      string: '{"Count":0,"Items":[],"ScannedCount":0}'
    http_version: 
  recorded_at: Mon, 18 Jan 2016 21:28:40 GMT
recorded_with: VCR 3.0.0
